[millano.elinsoft.org/index.html]
[backblue.gif]
[fade.gif]
[index.html]
[millano.elinsoft.org/assets/kits/bootstrap/css/bootstrap.min.css]
[cdn.mypanel.link/css/font-awesome/css/all.min.css]
[millano.elinsoft.org/assets/css/main.css]
[millano.elinsoft.org/assets/img/logo.png]
[millano.elinsoft.org/services.html]
[millano.elinsoft.org/api.html]
[millano.elinsoft.org/signup.html]
[millano.elinsoft.org/resetpassword.html]
[millano.elinsoft.org/dashboard.html]
[millano.elinsoft.org/assets/img/box-shape.png]
[millano.elinsoft.org/assets/img/home-img.png]
[millano.elinsoft.org/assets/img/iphone.png]
[millano.elinsoft.org/terms.html]
[code.jquery.com/jquery-3.5.1.min.js]
[millano.elinsoft.org/assets/kits/bootstrap/js/bootstrap.bundle.min.js]
[millano.elinsoft.org/assets/js/main.js]
[millano.elinsoft.org/index.html]
[millano.elinsoft.org/assets/kits/bootstrap/css/bootstrap.min.css]
[cdn.mypanel.link/css/font-awesome/css/all.min.css]
[millano.elinsoft.org/assets/img/dash-bg.png]
[millano.elinsoft.org/assets/img/main-bg.png]
[millano.elinsoft.org/assets/img/halftone.png]
[millano.elinsoft.org/assets/img/dash-bg-dark.png]
[millano.elinsoft.org/assets/css/main.css]
[millano.elinsoft.org/cross.html]
[millano.elinsoft.org/assets/img/logo-sm.png]
[millano.elinsoft.org/assets/img/avatar.png]
[millano.elinsoft.org/assets/img/verified.png]
[millano.elinsoft.org/account.html]
[millano.elinsoft.org/tickets.html]
[millano.elinsoft.org/orders.html]
[millano.elinsoft.org/addfunds.html]
[millano.elinsoft.org/affiliates.html]
[millano.elinsoft.org/childpanels.html]
[millano.elinsoft.org/faq.html]
[millano.elinsoft.org/services.html]
[millano.elinsoft.org/api.html]
[millano.elinsoft.org/signup.html]
[millano.elinsoft.org/resetpassword.html]
[millano.elinsoft.org/dashboard.html]
[millano.elinsoft.org/register.html]
[millano.elinsoft.org/terms.html]
[millano.elinsoft.org/assets/img/hh-bg.html]
[millano.elinsoft.org/account.html]
[millano.elinsoft.org/viewticket.html]
[millano.elinsoft.org/tickets.html]
[millano.elinsoft.org/orders.html]
[millano.elinsoft.org/addfunds.html]
[millano.elinsoft.org/affiliates.html]
[millano.elinsoft.org/assets/img/server.png]
[millano.elinsoft.org/childpanels.html]
[millano.elinsoft.org/faq.html]
[millano.elinsoft.org/assets/kits/owl/owl.carousel.min.html]
[millano.elinsoft.org/example.html]
[millano.elinsoft.org/viewticket.html]
[millano.elinsoft.org/orders/pending.html]
[millano.elinsoft.org/orders/inprogress.html]
[millano.elinsoft.org/orders/completed.html]
[millano.elinsoft.org/orders/partial.html]
[millano.elinsoft.org/orders/processing.html]
[millano.elinsoft.org/orders/canceled.html]
